{"bundle_digest": "914bdd3745f9566e4cf0c3c2dd2747b701f50ad4cb3dc0eeede5f16207748ffd", "reasons": [{"message": "canonicalization failed", "pointer": "/events/0/event/payload/artifact_ref", "reason_code": "att.verify.canonical_mismatch"}], "result": "reject", "schema_version": 1, "verifier_version": "1.8.4"}
